// Jest Snapshot v1, https://goo.gl/fbAQLP

exports[`Test suits for MyComponentWithLink should match with snapshot 1`] = `
<div>
  <h1>
    Math Magicians
  </h1>
  <ul>
    <li>
      <a
        href="/"
        onClick={[Function]}
      >
        Home
      </a>
      <a
        href="/calculator"
        onClick={[Function]}
      >
        Calculator
      </a>
      <a
        href="/quote"
        onClick={[Function]}
      >
        Quote
      </a>
    </li>
  </ul>
</div>
`;
